[2025-04-06 19:42:50.598] [multi_sink] [info]  Logger initialized successfully.
[2025-04-06 19:42:50.605] [multi_sink] [info]  DeribitClient created for test.deribit.com:443/ws/api/v2
[2025-04-06 19:42:51.295] [multi_sink] [info] Starting receive_thread...
[2025-04-06 19:42:51.295] [multi_sink] [info]  Starting process_thread...
[2025-04-06 19:42:51.295] [multi_sink] [info]  Starting send_thread...
[2025-04-06 19:43:01.540] [multi_sink] [info] ➡️ Added to send queue: {"id":"auth#2","jsonrpc":"2.0","method":"public/auth","params":{"client_id":"D","client_secret":"V","grant_type":"client_credentials"}}
[2025-04-06 19:43:01.541] [multi_sink] [info]  Sent authentication request
[2025-04-06 19:43:01.541] [multi_sink] [info] ➡️ Sent: {"id":"auth#2","jsonrpc":"2.0","method":"public/auth","params":{"client_id":"D","client_secret":"V","grant_type":"client_credentials"}}
[2025-04-06 19:43:01.704] [multi_sink] [info] 📩 Received: {"jsonrpc":"2.0","id":"auth#2","error":{"code":13004,"message":"invalid_credentials"},"usIn":1743948782408355,"usOut":1743948782408421,"usDiff":66,"testnet":true}
[2025-04-06 19:43:01.709] [multi_sink] [info] Processing received message: {"jsonrpc":"2.0","id":"auth#2","error":{"code":13004,"message":"invalid_credentials"},"usIn":1743948782408355,"usOut":1743948782408421,"usDiff":66,"testnet":true}
[2025-04-06 19:48:04.040] [multi_sink] [error]  [Receive Loop] Error: Connection reset by peer
[2025-04-06 19:50:05.632] [multi_sink] [info]  Logger initialized successfully.
[2025-04-06 19:50:05.634] [multi_sink] [info]  DeribitClient created for test.deribit.com:443/ws/api/v2
[2025-04-06 19:50:06.287] [multi_sink] [info] Starting receive_thread...
[2025-04-06 19:50:06.288] [multi_sink] [info]  Starting process_thread...
[2025-04-06 19:50:06.288] [multi_sink] [info]  Starting send_thread...
[2025-04-06 19:50:35.122] [multi_sink] [info] ➡️ Added to send queue: {"id":"auth#2","jsonrpc":"2.0","method":"public/auth","params":{"client_id":"KrYGD58Z","client_secret":"gI4vZ-kp10WPIwcRjdbNexOPOfppHpQWqHp6_fzEc3k","grant_type":"client_credentials"}}
[2025-04-06 19:50:35.122] [multi_sink] [info]  Sent authentication request
[2025-04-06 19:50:35.122] [multi_sink] [info] ➡️ Sent: {"id":"auth#2","jsonrpc":"2.0","method":"public/auth","params":{"client_id":"KrYGD58Z","client_secret":"gI4vZ-kp10WPIwcRjdbNexOPOfppHpQWqHp6_fzEc3k","grant_type":"client_credentials"}}
[2025-04-06 19:50:35.275] [multi_sink] [info] 📩 Received: {"jsonrpc":"2.0","id":"auth#2","result":{"enabled_features":["block_trade_approval","restricted_block_trades"],"access_token":"1775485235981.1RLi0cae.WfOqiBUf2XdH4QQ-l7FVHTcZoS2hEtGDOiOVZPyOyaozbzW89a0lsMsBJ5KWN_AO_5y_0FPUT-3_zjHYMC8aFG1vPMIANNBsrEq-aq4j0ZCdJ9eCS18jr2QKP4K8YmULHrrxuzDdMzmP1xzPJsC01ioIExykQdxy2YKHmrnTZSWlj7524ug5YJGCnR4vvPUDrr2KwLYHtuemkmeChzX9xjIjtD92g7Vn5mz4bwc5mODF016rEGilMGmF6GtQxyzXgcgRQpMD-TMRURxJbAPDXMcTzk9XFCyYbbhZOingG0S0O80eARRTVlPa5W4sE8XpkxrPCXfsG5J7vXZCMOqU_L7YMk3tSRjPKSKY8jWLVsB1uK3baSgbiW4z0wld","expires_in":31535999,"refresh_token":"1775485235981.1aOil6rD.TWfb8AwAIKcbSMrzVq56kpFKdVg_FB5H0Udb4YaAmF7CjhDOGoxHniirlQvMPAmRd_hZDoWfxfeRlec4ZuxGdbyJJOeIxpRHfnPr2_n_4LPJxqgzxj4gjUEEfyy3x_66scmoqo_2nHKv1ym1mbGQ-L8YYvIhIwWH3dAqNhgjtosHvvhfMGNNgZsm89e-GaydfBm-DTOoC2H4PgQM9GMNyZNb591SZs3WUcYzyQSP84dWl9ef2RbWeZZknzFtv4ev5Gu-2bKyDkBDNAJrDaaHBg-1jYJBe7TmQAbe20AahcW3YoMC7xvEpuc9QyYotFzw8WNcy99ILem3z-raCusMwnQfAqyo1aGvlYEU678o8cmSzXdsLVX8VshYJR4","scope":"name:test block_rfq:read_write block_trade:read_write connection trade:read_write custody:read_write account:read_write wallet:read_write mainaccount","token_type":"bearer"},"usIn":1743949235981936,"usOut":1743949235982129,"usDiff":193,"testnet":true}
[2025-04-06 19:50:35.278] [multi_sink] [info] Processing received message: {"jsonrpc":"2.0","id":"auth#2","result":{"enabled_features":["block_trade_approval","restricted_block_trades"],"access_token":"1775485235981.1RLi0cae.WfOqiBUf2XdH4QQ-l7FVHTcZoS2hEtGDOiOVZPyOyaozbzW89a0lsMsBJ5KWN_AO_5y_0FPUT-3_zjHYMC8aFG1vPMIANNBsrEq-aq4j0ZCdJ9eCS18jr2QKP4K8YmULHrrxuzDdMzmP1xzPJsC01ioIExykQdxy2YKHmrnTZSWlj7524ug5YJGCnR4vvPUDrr2KwLYHtuemkmeChzX9xjIjtD92g7Vn5mz4bwc5mODF016rEGilMGmF6GtQxyzXgcgRQpMD-TMRURxJbAPDXMcTzk9XFCyYbbhZOingG0S0O80eARRTVlPa5W4sE8XpkxrPCXfsG5J7vXZCMOqU_L7YMk3tSRjPKSKY8jWLVsB1uK3baSgbiW4z0wld","expires_in":31535999,"refresh_token":"1775485235981.1aOil6rD.TWfb8AwAIKcbSMrzVq56kpFKdVg_FB5H0Udb4YaAmF7CjhDOGoxHniirlQvMPAmRd_hZDoWfxfeRlec4ZuxGdbyJJOeIxpRHfnPr2_n_4LPJxqgzxj4gjUEEfyy3x_66scmoqo_2nHKv1ym1mbGQ-L8YYvIhIwWH3dAqNhgjtosHvvhfMGNNgZsm89e-GaydfBm-DTOoC2H4PgQM9GMNyZNb591SZs3WUcYzyQSP84dWl9ef2RbWeZZknzFtv4ev5Gu-2bKyDkBDNAJrDaaHBg-1jYJBe7TmQAbe20AahcW3YoMC7xvEpuc9QyYotFzw8WNcy99ILem3z-raCusMwnQfAqyo1aGvlYEU678o8cmSzXdsLVX8VshYJR4","scope":"name:test block_rfq:read_write block_trade:read_write connection trade:read_write custody:read_write account:read_write wallet:read_write mainaccount","token_type":"bearer"},"usIn":1743949235981936,"usOut":1743949235982129,"usDiff":193,"testnet":true}
[2025-04-06 19:51:06.210] [multi_sink] [info] ➡️ Added to send queue: {"id":"order#3","jsonrpc":"2.0","method":"private/buy","params":{"amount":100.0,"instrument_name":"BTC-PERPETUAL","post_only":false,"price":200.0,"reduce_only":false,"type":"limit"}}
[2025-04-06 19:51:06.210] [multi_sink] [info] Sent  order request for BTC-PERPETUAL
[2025-04-06 19:51:06.210] [multi_sink] [info] ➡️ Sent: {"id":"order#3","jsonrpc":"2.0","method":"private/buy","params":{"amount":100.0,"instrument_name":"BTC-PERPETUAL","post_only":false,"price":200.0,"reduce_only":false,"type":"limit"}}
[2025-04-06 19:51:06.366] [multi_sink] [info] 📩 Received: {"jsonrpc":"2.0","id":"order#3","result":{"order":{"label":"","price":200.0,"amount":100.0,"direction":"buy","time_in_force":"good_til_cancelled","instrument_name":"BTC-PERPETUAL","api":true,"web":false,"order_id":"41086534244","creation_timestamp":1743949267072,"mmp":false,"replaced":false,"filled_amount":0.0,"post_only":false,"last_update_timestamp":1743949267072,"reduce_only":false,"average_price":0.0,"contracts":10.0,"order_state":"open","order_type":"limit","is_liquidation":false,"risk_reducing":false},"trades":[]},"usIn":1743949267070549,"usOut":1743949267072771,"usDiff":2222,"testnet":true}
[2025-04-06 19:51:06.367] [multi_sink] [info] Processing received message: {"jsonrpc":"2.0","id":"order#3","result":{"order":{"label":"","price":200.0,"amount":100.0,"direction":"buy","time_in_force":"good_til_cancelled","instrument_name":"BTC-PERPETUAL","api":true,"web":false,"order_id":"41086534244","creation_timestamp":1743949267072,"mmp":false,"replaced":false,"filled_amount":0.0,"post_only":false,"last_update_timestamp":1743949267072,"reduce_only":false,"average_price":0.0,"contracts":10.0,"order_state":"open","order_type":"limit","is_liquidation":false,"risk_reducing":false},"trades":[]},"usIn":1743949267070549,"usOut":1743949267072771,"usDiff":2222,"testnet":true}
[2025-04-06 19:51:18.025] [multi_sink] [info] ➡️ Added to send queue: {"id":"cancel_all#4","jsonrpc":"2.0","method":"private/cancel_all","params":{}}
[2025-04-06 19:51:18.025] [multi_sink] [info] ➡️ Sent: {"id":"cancel_all#4","jsonrpc":"2.0","method":"private/cancel_all","params":{}}
[2025-04-06 19:51:18.185] [multi_sink] [info] 📩 Received: {"jsonrpc":"2.0","id":"cancel_all#4","result":1,"usIn":1743949278885386,"usOut":1743949278892748,"usDiff":7362,"testnet":true}
[2025-04-06 19:51:18.187] [multi_sink] [info] Processing received message: {"jsonrpc":"2.0","id":"cancel_all#4","result":1,"usIn":1743949278885386,"usOut":1743949278892748,"usDiff":7362,"testnet":true}
[2025-04-06 19:56:22.278] [multi_sink] [error]  [Receive Loop] Error: Connection reset by peer
